// Jest Snapshot v1, https://goo.gl/fbAQLP

exports[`POST /forgot-password should return 401 if user is not found 1`] = `
{
  "code": 401,
  "seed": 0.06426173461501827,
}
`;
